rule append
  command = ./append.sh $in $out
  description = Appending text

build foo.out: append foo.txt | append.sh
